Sat Nov 09 2024 18:0:47 } [PH] error: 🐱‍🏍 globalErrorHandler ~~ Cannot read properties of undefined (reading 'restaurantService')
Sat Nov 09 2024 18:1:12 } [PH] error: 🐱‍🏍 globalErrorHandler ~~ Cannot read properties of undefined (reading 'restaurantService')
Sat Nov 09 2024 18:2:55 } [PH] error: 🐱‍🏍 globalErrorHandler ~~ Cannot read properties of undefined (reading 'restaurantService')
Sat Nov 09 2024 18:22:13 } [PH] error: 
Invalid `prisma.restaurant.create()` invocation in
C:\Users\foort\Videos\university-management-core-service-starter\src\app\api\v1\restaurant\services\restaurant.service.ts:13:48

  10 const {restaurant, restaurantSettings} = input;
  11 console.log("restaurant", restaurant, "restaurantSettings", restaurantSettings);
  12 
→ 13 const result = await prisma.restaurant.create({
       data: {
         name: "Pizza Hut",
         domain: "pizza-hut",
         logo: "https://example.com/logo.png",
         address: "1234 Main Street, Cityville",
         ~~~~~~~
         description: "Best Pizza in Town",
         socialMediaLinks: {
           facebook: "https://facebook.com/pizzahut",
           twitter: "https://twitter.com/pizzahut",
           instagram: "https://instagram.com/pizzahut"
         },
         ratings: 4.5,
         deliveryAreas: [
           {
             latitude: 40.7128,
             longitude: -74.006
           },
           {
             latitude: 40.7306,
             longitude: -73.9352
           }
         ],
         openDate: "2024-11-01T00:00:00Z",
         featured: true,
         isActive: true,
         RestaurantSettings: {
           create: {
             currency: "BDT",
             currencySymbol: "৳",
             timezone: "Asia/Dhaka",
             orderNumberPrefix: "ORD-",
             minOrderAmount: 100,
             maxOrderAmount: 5000,
             deliveryFee: 50,
             taxPercentage: 15,
             paymentMethods: [
               "cash",
               "credit_card",
               "mobile_payment"
             ],
             deliveryTimeEstimate: 45,
             customerSupportEmail: "support@pizzahut.com",
             restaurantType: "Fast Food",
             serviceChargePercentage: 10,
             acceptsPreorders: true,
             autoAssignRiders: false,
             smsNotifications: true,
             emailNotifications: true,
             errorNotificationEmail: "error@pizzahut.com",
             notifyOnCriticalErrors: true,
             autoResponseEnabled: false,
             feedbackResponseDelay: 24
           }
         },
     ?   id?: String,
     ?   createdAt?: DateTime,
     ?   updatedAt?: DateTime,
     ?   branches?: BranchCreateNestedManyWithoutRestaurantInput
       },
       include: {
         RestaurantSettings: true
       }
     })

Unknown argument `address`. Available options are marked with ?.
Sat Nov 09 2024 18:25:27 } [PH] error: 
Invalid `prisma.restaurant.create()` invocation in
C:\Users\foort\Videos\university-management-core-service-starter\src\app\api\v1\restaurant\services\restaurant.service.ts:13:48

  10 const {restaurant, restaurantSettings} = input;
  11 console.log("restaurant", restaurant, "restaurantSettings", restaurantSettings);
  12 
→ 13 const result = await prisma.restaurant.create({
       data: {
         name: "Pizza Hut",
         domain: "pizza-hut",
         logo: "https://example.com/logo.png",
         address: "1234 Main Street, Cityville",
         description: "Best Pizza in Town",
         socialMediaLinks: {
           facebook: "https://facebook.com/pizzahut",
           twitter: "https://twitter.com/pizzahut",
           instagram: "https://instagram.com/pizzahut"
         },
         ratings: 4.5,
         deliveryAreas: [
           {
             latitude: 40.7128,
             longitude: -74.006
           },
           {
             latitude: 40.7306,
             longitude: -73.9352
           }
         ],
         openDate: "2024-11-01T00:00:00Z",
         featured: true,
         isActive: true,
         RestaurantSettings: {
           create: {
             currency: "BDT",
             currencySymbol: "৳",
             timezone: "Asia/Dhaka",
             orderNumberPrefix: "ORD-",
             minOrderAmount: 100,
             maxOrderAmount: 5000,
             deliveryFee: 50,
             taxPercentage: 15,
             paymentMethods: [
               "cash",
               "credit_card",
               "mobile_payment"
             ],
             deliveryTimeEstimate: 45,
             customerSupportEmail: "support@pizzahut.com",
             restaurantType: "Fast Food",
                             ~~~~~~~~~~~
             serviceChargePercentage: 10,
             acceptsPreorders: true,
             autoAssignRiders: false,
             smsNotifications: true,
             emailNotifications: true,
             errorNotificationEmail: "error@pizzahut.com",
             notifyOnCriticalErrors: true,
             autoResponseEnabled: false,
             feedbackResponseDelay: 24
           }
         }
       },
       include: {
         RestaurantSettings: true
       }
     })

Invalid value for argument `restaurantType`. Expected restaurantType.
Sat Nov 09 2024 18:30:13 } [PH] error: 
Invalid `prisma.restaurant.create()` invocation in
C:\Users\foort\Videos\university-management-core-service-starter\src\app\api\v1\restaurant\services\restaurant.service.ts:13:48

  10 const {restaurant, restaurantSettings} = input;
  11 console.log("restaurant", restaurant, "restaurantSettings", restaurantSettings);
  12 
→ 13 const result = await prisma.restaurant.create(
Unique constraint failed on the fields: (`domain`)
Sat Nov 09 2024 18:34:54 } [PH] error: 
Invalid `prisma.restaurant.create()` invocation in
C:\Users\foort\Videos\university-management-core-service-starter\src\app\api\v1\restaurant\services\restaurant.service.ts:13:48

  10 const {restaurant, restaurantSettings} = input;
  11 console.log("restaurant", restaurant, "restaurantSettings", restaurantSettings);
  12 
→ 13 const result = await prisma.restaurant.create(
Unique constraint failed on the fields: (`domain`)
Sat Nov 09 2024 18:37:50 } [PH] error: 
Invalid `prisma.restaurant.create()` invocation in
C:\Users\foort\Videos\university-management-core-service-starter\src\app\api\v1\restaurant\services\restaurant.service.ts:13:48

  10 const {restaurant, restaurantSettings} = input;
  11 console.log("restaurant", restaurant, "restaurantSettings", restaurantSettings);
  12 
→ 13 const result = await prisma.restaurant.create(
Unique constraint failed on the fields: (`domain`)
Sat Nov 09 2024 18:38:14 } [PH] error: 
Invalid `prisma.restaurant.create()` invocation in
C:\Users\foort\Videos\university-management-core-service-starter\src\app\api\v1\restaurant\services\restaurant.service.ts:13:48

  10 const {restaurant, restaurantSettings} = input;
  11 console.log("restaurant", restaurant, "restaurantSettings", restaurantSettings);
  12 
→ 13 const result = await prisma.restaurant.create(
Unique constraint failed on the fields: (`domain`)
Sat Nov 09 2024 18:39:4 } [PH] error: 
Invalid `prisma.restaurant.create()` invocation in
C:\Users\foort\Videos\university-management-core-service-starter\src\app\api\v1\restaurant\services\restaurant.service.ts:13:48

  10 const {restaurant, restaurantSettings} = input;
  11 console.log("restaurant", restaurant, "restaurantSettings", restaurantSettings);
  12 
→ 13 const result = await prisma.restaurant.create(
Unique constraint failed on the fields: (`domain`)
Sat Nov 09 2024 18:42:59 } [PH] error: 
Invalid `prisma.restaurant.create()` invocation in
C:\Users\foort\Videos\university-management-core-service-starter\src\app\api\v1\restaurant\services\restaurant.service.ts:13:48

  10 const {restaurant, restaurantSettings} = input;
  11 console.log("restaurant", restaurant, "restaurantSettings", restaurantSettings);
  12 
→ 13 const result = await prisma.restaurant.create(
Unique constraint failed on the fields: (`domain`)
Sat Nov 09 2024 18:43:54 } [PH] error: 
Invalid `prisma.restaurant.create()` invocation in
C:\Users\foort\Videos\university-management-core-service-starter\src\app\api\v1\restaurant\services\restaurant.service.ts:12:52

   9 async  createRestaurant(input: CreateRestaurantInput) {
  10       const {restaurant, restaurantSettings} = input;
  11       try {
→ 12           const result = await prisma.restaurant.create(
Unique constraint failed on the fields: (`domain`)
